<html>
<body>
<pre>
<h1>µVision Build Log</h1>
<h2>Tool Versions:</h2>
IDE-Version: µVision V5.38.0.0
Copyright (C) 2022 ARM Ltd and ARM Germany GmbH. All rights reserved.
License Information: h h, h, LIC=----
 
Tool Versions:
Toolchain:       MDK-Lite  Version: 5.38.0.0
Toolchain Path:  D:\Keil_v5\ARM\ARMCLANG\Bin
C Compiler:      ArmClang.exe V6.19
Assembler:       Armasm.exe V6.19
Linker/Locator:  ArmLink.exe V6.19
Library Manager: ArmAr.exe V6.19
Hex Converter:   FromElf.exe V6.19
CPU DLL:         SARMCM3.DLL V5.38.0.0
Dialog DLL:      DCM.DLL V1.17.5.0
Target DLL:      STLink\ST-LINKIII-KEIL_SWO.dll V3.1.0.0
Dialog DLL:      TCM.DLL V1.56.4.0
 
<h2>Project:</h2>
E:\Embedded\STM32F1\BT1_LTN\BT1_LTN_CMSIS\BT1_LTN_CMSIS.uvprojx
Project File Date:  01/23/2024

<h2>Output:</h2>
*** Using Compiler 'V6.19', folder: 'D:\Keil_v5\ARM\ARMCLANG\Bin'
Build target 'BT1_LTN_CMSIS'
main.c(1): warning: In file included from...
D:/Keil_v5/ARM/Packs/Keil/STM32F1xx_DFP/2.4.1/Device/Include\stm32f10x.h(18): warning: invalid UTF-8 in comment [-Winvalid-utf8]
  *              - To use or not the peripheral<92>s drivers in application code(i.e. 
                                               ^
D:/Keil_v5/ARM/Packs/Keil/STM32F1xx_DFP/2.4.1/Device/Include\stm32f10x.h(19): warning: invalid UTF-8 in comment [-Winvalid-utf8]
  *                code will be based on direct access to peripheral<92>s registers 
                                                                    ^
D:/Keil_v5/ARM/Packs/Keil/STM32F1xx_DFP/2.4.1/Device/Include\stm32f10x.h(26): warning: invalid UTF-8 in comment [-Winvalid-utf8]
  *           - Macros to access peripheral<92>s registers hardware
                                           ^
main.c(4): warning: no previous extern declaration for non-static variable 'Ticks' [-Wmissing-variable-declarations]
uint32_t Ticks = 0;
         ^
main.c(4): note: declare 'static' if the variable is not intended to be used outside of this translation unit
uint32_t Ticks = 0;
^
main.c(6): warning: no previous prototype for function 'SysTick_Handler' [-Wmissing-prototypes]
void SysTick_Handler(void) {
     ^
main.c(6): note: declare 'static' if the function is not intended to be used outside of this translation unit
void SysTick_Handler(void) {
^
static 
5 warnings generated.
compiling main.c...
linking...
Program Size: Code=912 RO-data=268 RW-data=4 ZI-data=1640  
".\Objects\BT1_LTN_CMSIS.axf" - 0 Error(s), 5 Warning(s).

<h2>Software Packages used:</h2>

Package Vendor: ARM
                http://www.keil.com/pack/ARM.CMSIS.5.9.0.pack
                ARM.CMSIS.5.9.0
                CMSIS (Common Microcontroller Software Interface Standard)
   * Component: CORE Version: 5.6.0

Package Vendor: Keil
                https://www.keil.com/pack/Keil.STM32F1xx_DFP.2.4.1.pack
                Keil.STM32F1xx_DFP.2.4.1
                STMicroelectronics STM32F1 Series Device Support, Drivers and Examples
   * Component: Startup Version: 1.0.0

<h2>Collection of Component include folders:</h2>
  ./RTE/Device/STM32F103C8
  ./RTE/_BT1_LTN_CMSIS
  D:/Keil_v5/ARM/Packs/ARM/CMSIS/5.9.0/CMSIS/Core/Include
  D:/Keil_v5/ARM/Packs/Keil/STM32F1xx_DFP/2.4.1/Device/Include

<h2>Collection of Component Files used:</h2>

   * Component: ARM::CMSIS:CORE:5.6.0

   * Component: Keil::Device:Startup:1.0.0
      Source file:   Device/Source/ARM/STM32F1xx_OPT.s
      Source file:   Device/Source/ARM/startup_stm32f10x_md.s
      Source file:   Device/Source/system_stm32f10x.c
      Include file:  RTE_Driver/Config/RTE_Device.h
Build Time Elapsed:  00:00:01
</pre>
</body>
</html>
